Reusing configuration cache.
> Task :app:preBuild UP-TO-DATE
> Task :app:preDebugBuild UP-TO-DATE
> Task :app:processDebugGoogleServices UP-TO-DATE
> Task :app:generateDebugResources UP-TO-DATE
> Task :app:packageDebugResources UP-TO-DATE
> Task :app:generateDebugBuildConfig FROM-CACHE
> Task :app:processDebugNavigationResources FROM-CACHE
> Task :app:parseDebugLocalResources UP-TO-DATE
> Task :app:generateDebugRFile UP-TO-DATE
> Task :app:kspDebugKotlin

> Task :app:compileDebugKotlin
w: file:///app/applet/app/src/main/java/com/example/ui/ExamDashboardScreen.kt:156:184 'val Icons.Filled.Assignment: ImageVector' is deprecated. Use the AutoMirrored version at Icons.AutoMirrored.Filled.Assignment.
w: file:///app/applet/app/src/main/java/com/example/ui/ExamDashboardScreen.kt:357:25 Condition is always 'true'.
w: file:///app/applet/app/src/main/java/com/example/ui/ExamDashboardScreen.kt:509:62 Unchecked cast of 'Any?' to 'List<String>'.
w: file:///app/applet/app/src/main/java/com/example/ui/HomeScreen.kt:282:35 'val Icons.Filled.KeyboardArrowRight: ImageVector' is deprecated. Use the AutoMirrored version at Icons.AutoMirrored.Filled.KeyboardArrowRight.
w: file:///app/applet/app/src/main/java/com/example/ui/LiveScanner.kt:70:26 'val LocalLifecycleOwner: ProvidableCompositionLocal<LifecycleOwner>' is deprecated. Moved to lifecycle-runtime-compose library in androidx.lifecycle.compose package.
w: file:///app/applet/app/src/main/java/com/example/ui/LiveScanner.kt:110:37 Condition is always 'false'.

BUILD SUCCESSFUL in 27s
9 actionable tasks: 2 executed, 2 from cache, 5 up-to-date
Configuration cache entry reused.
